<!-- wp:todays-mitsui/nonogram -->
<div class="wp-block-todays-mitsui-nonogram" style="aspect-ratio:1 / 1" data-aspect-ratio="1:1" data-row-clues="0;0;0;0;0;0;0;0;0;0;0;0;0;0;0" data-column-clues="0;0;0;0;0;0;0;0;0;0;0;0;0;0;0"></div>
<!-- /wp:todays-mitsui/nonogram -->